// Jest Snapshot v1, https://goo.gl/fbAQLP

exports[`all mock testcase for matching Snapshot==> 1`] = `
<View
  accessibilityState={
    {
      "busy": undefined,
      "checked": undefined,
      "disabled": undefined,
      "expanded": undefined,
      "selected": undefined,
    }
  }
  accessibilityValue={
    {
      "max": undefined,
      "min": undefined,
      "now": undefined,
      "text": undefined,
    }
  }
  accessible={true}
  collapsable={false}
  focusable={true}
  onClick={[Function]}
  onResponderGrant={[Function]}
  onResponderMove={[Function]}
  onResponderRelease={[Function]}
  onResponderTerminate={[Function]}
  onResponderTerminationRequest={[Function]}
  onStartShouldSetResponder={[Function]}
  style={
    {
      "alignItems": "center",
      "backgroundColor": "#20a7db",
      "borderRadius": 8,
      "display": "flex",
      "height": 60,
      "justifyContent": "center",
      "marginTop": 20,
      "opacity": 1,
      "width": 160,
    }
  }
>
  <Text
    style={
      {
        "color": "#ffffff",
        "fontSize": 16,
        "fontWeight": "bold",
      }
    }
  >
    PostCall
  </Text>
</View>
`;
