// Jest Snapshot v1, https://goo.gl/fbAQLP

exports[`all mock testcase for matching customModal Snapshot==> 1`] = `
<Modal
  animationType="slide"
  hardwareAccelerated={false}
  style={
    {
      "borderRadius": 12,
      "flex": 0.5,
    }
  }
  visible={true}
/>
`;
